// Jest Snapshot v1, https://goo.gl/fbAQLP

exports[`Confirmation matches snapshot no selection 1`] = `
<div
  className="Confirmation__Overlay-stssi9-0 jzhfSA"
  data-analytics-region="region"
  tabIndex={-1}
>
  <label>
    message
  </label>
  <div
    className="Button__ButtonGroup-ayg7nk-1 fJPuTt"
  >
    <button
      className="Button-ayg7nk-0 dIvXiu"
      data-analytics-label="confirm"
      data-testid="confirm"
      onClick={[Function]}
    >
      confirm
    </button>
    <button
      className="Button-ayg7nk-0 bHTkEr"
      data-analytics-label="cancel"
      data-testid="cancel"
      onClick={[Function]}
    >
      Cancel
    </button>
  </div>
</div>
`;
