// Jest Snapshot v1, https://goo.gl/fbAQLP

exports[`EditCard matches snapshot when editing 1`] = `
<form
  className="EditCard-sc-1kvvj32-0 iFPiln"
  data-analytics-region="edit-note"
  data-highlight-card={true}
>
  <div
    mock-color-picker={true}
    onChange={[Function]}
    onRemove={[Function]}
  />
  <div
    mock-note={true}
    note="asdf"
    onChange={[Function]}
    onFocus={[Function]}
    textareaRef={
      Object {
        "current": null,
      }
    }
  />
  <div
    className="Button__ButtonGroup-ayg7nk-1 fJPuTt"
  >
    <button
      className="Button-ayg7nk-0 dIvXiu"
      data-analytics-label="save"
      data-testid="save"
      onClick={[Function]}
    >
      Save
    </button>
    <button
      className="Button-ayg7nk-0 bHTkEr"
      data-analytics-label="cancel"
      data-testid="cancel"
      onClick={[Function]}
    >
      Cancel
    </button>
  </div>
  <div
    confirmLink="/accounts/login?r=/"
    confirmMessage="i18n:highlighting:login:link"
    data-analytics-label="login"
    data-analytics-region="highlighting-login"
    message="i18n:highlighting:login:prompt"
    mock-confirmation={true}
    onCancel={[MockFunction]}
  />
</form>
`;

exports[`EditCard matches snapshot when focused 1`] = `
<form
  className="EditCard-sc-1kvvj32-0 iFPiln"
  data-analytics-region="edit-note"
  data-highlight-card={true}
>
  <div
    color="yellow"
    mock-color-picker={true}
    onChange={[Function]}
    onRemove={[Function]}
  />
  <div
    mock-note={true}
    note=""
    onChange={[Function]}
    onFocus={[Function]}
    textareaRef={
      Object {
        "current": null,
      }
    }
  />
  <div
    confirmLink="/accounts/login?r=/"
    confirmMessage="i18n:highlighting:login:link"
    data-analytics-label="login"
    data-analytics-region="highlighting-login"
    message="i18n:highlighting:login:prompt"
    mock-confirmation={true}
    onCancel={[MockFunction]}
  />
</form>
`;

exports[`EditCard matches snapshot with data 1`] = `
<form
  className="EditCard-sc-1kvvj32-0 iFPiln"
  data-analytics-region="edit-note"
  data-highlight-card={true}
>
  <div
    mock-color-picker={true}
    onChange={[Function]}
    onRemove={[Function]}
  />
  <div
    mock-note={true}
    note=""
    onChange={[Function]}
    onFocus={[Function]}
    textareaRef={
      Object {
        "current": null,
      }
    }
  />
  <div
    confirmLink="/accounts/login?r=/"
    confirmMessage="i18n:highlighting:login:link"
    data-analytics-label="login"
    data-analytics-region="highlighting-login"
    message="i18n:highlighting:login:prompt"
    mock-confirmation={true}
    onCancel={[MockFunction]}
  />
</form>
`;

exports[`EditCard matches snapshot without data 1`] = `
<form
  className="EditCard-sc-1kvvj32-0 iFPiln"
  data-analytics-region="edit-note"
  data-highlight-card={true}
>
  <div
    mock-color-picker={true}
    onChange={[Function]}
    onRemove={[Function]}
  />
  <div
    mock-note={true}
    note=""
    onChange={[Function]}
    onFocus={[Function]}
    textareaRef={
      Object {
        "current": null,
      }
    }
  />
  <div
    confirmLink="/accounts/login?r=/"
    confirmMessage="i18n:highlighting:login:link"
    data-analytics-label="login"
    data-analytics-region="highlighting-login"
    message="i18n:highlighting:login:prompt"
    mock-confirmation={true}
    onCancel={[MockFunction]}
  />
</form>
`;
