// Jest Snapshot v1, https://goo.gl/fbAQLP

exports[`Note matches snapshot 1`] = `
.c0 {
  display: block;
  min-height: 5.6rem;
  width: 18.4rem;
  max-height: 30rem;
  max-width: 18.4rem;
  min-width: 18.4rem;
  border: 1px solid #d5d5d5;
  padding: 0.8rem;
  color: #424242;
  color: #6f6f6f;
  font-size: 1.4rem;
  font-family: inherit;
  line-height: 2rem;
  font-weight: normal;
}

<textarea
  className="c0"
  maxLength={1000}
  onChange={[Function]}
  onFocus={[Function]}
  placeholder="Add a note..."
  value=""
/>
`;
