// Jest Snapshot v1, https://goo.gl/fbAQLP

exports[`KeyboardShortcuts doesn't render keyboard shortcuts modal if it is closed 1`] = `null`;

exports[`KeyboardShortcuts renders keyboard shortcuts modal if it is open 1`] = `
<div
  className="PopupStyles__PopupWrapper-w0z1hl-0 cYcgUJ"
>
  <div
    className="ScrollLock__Overlay-sc-1fi845b-0 gshJxt"
    data-testid="scroll-lock-overlay"
    onClick={[Function]}
  />
  <div
    className="KeyboardShortcutsPopup__StyledModal-y3xath-0 gvXRCW PopupStyles__Modal-w0z1hl-3 dxCHBC"
    data-testid="keyboard-shortcuts-popup-wrapper"
    tabIndex="-1"
  >
    <h3
      className="headings__H3-sc-1xfiggv-2 PopupStyles__Header-w0z1hl-1 kFaPzE"
    >
      Keyboard Shortcuts
      <button
        aria-label="Click to close Keyboard Shortcuts menu"
        className="Button__PlainButton-ayg7nk-2 PopupStyles__CloseIconWrapper-w0z1hl-4 jafVNy"
        data-analytics-label="Click to close Keyboard Shortcuts modal"
        data-testid="close-keyboard-shortcuts-popup"
        onClick={[Function]}
      >
        <svg
          aria-hidden="true"
          className="PopupStyles__CloseIcon-w0z1hl-5 eWfjhO"
          focusable="true"
          height="15px"
          version="1.1"
          viewBox="0 0 15 15"
          width="15px"
        >
          <g
            fill="none"
            fillRule="evenodd"
            stroke="none"
            strokeWidth="1"
          >
            <g
              fill="currentColor"
              transform="translate(-302.000000, -18.000000)"
            >
              <g
                transform="translate(302.000000, 18.000000)"
              >
                <path
                  d="M7.5,5.41522791 L12.0331524,0.579865364 C12.3077536,0.286957429 12.7165503,0.24816296 12.946282,0.493210121 L13.9861449,1.60239723 C14.2158766,1.84744439 14.1795068,2.28349422 13.9049056,2.57640216 L9.37175324,7.41176471 L13.9049056,12.2471273 C14.1795068,12.5400352 14.2158766,12.976085 13.9861449,13.2211322 L12.946282,14.3303193 C12.7165503,14.5753665 12.3077536,14.536572 12.0331524,14.243664 L7.5,9.4083015 L2.96684761,14.243664 C2.69224642,14.536572 2.2834497,14.5753665 2.05371799,14.3303193 L1.01385508,13.2211322 C0.784123363,12.976085 0.820493178,12.5400352 1.09509437,12.2471273 L5.62824676,7.41176471 L1.09509437,2.57640216 C0.820493178,2.28349422 0.784123363,1.84744439 1.01385508,1.60239723 L2.05371799,0.493210121 C2.2834497,0.24816296 2.69224642,0.286957429 2.96684761,0.579865364 L7.5,5.41522791 Z"
                />
              </g>
            </g>
          </g>
        </svg>
      </button>
    </h3>
    <div
      className="PopupStyles__PopupBody-w0z1hl-2 ShowKeyboardShortcuts__ShowKeyboardShortcutsBody-sc-12dalxo-0 eGlfQX"
      data-analytics-region="KS popup"
      data-testid="show-keyboard-shortcuts-body"
    >
      <div
        className="ShowKeyboardShortcuts__ShortcutsHeadingDiv-sc-12dalxo-1 pcTDQ"
      >
        Using a Keyboard for Navigation
      </div>
      <div
        className="ShowKeyboardShortcuts__ShortcutsCard-sc-12dalxo-2 goyzXO"
      >
        <div
          className="ShowKeyboardShortcuts__ShortcutsTable-sc-12dalxo-3 grHFdD"
        >
          <div
            className="ShowKeyboardShortcuts__ShortcutRow-sc-12dalxo-4 iaCHkf"
          >
            <div
              className="ShowKeyboardShortcuts__ShortcutBlock-sc-12dalxo-5 fkJiLz"
            >
              <span
                className="ShowKeyboardShortcuts__ShortcutKey-sc-12dalxo-6 kUZwXn"
              >
                Shift
              </span>
               + 
              <span
                className="ShowKeyboardShortcuts__ShortcutKey-sc-12dalxo-6 kUZwXn"
              >
                ?
              </span>
            </div>
            <div
              className="ShowKeyboardShortcuts__ShortcutBlock-sc-12dalxo-5 fkJiLz"
            >
              Pull up keyboard shortcuts menu
            </div>
          </div>
          <div
            className="ShowKeyboardShortcuts__ShortcutRow-sc-12dalxo-4 iaCHkf"
          >
            <div
              className="ShowKeyboardShortcuts__ShortcutBlock-sc-12dalxo-5 fkJiLz"
            >
              <span
                className="ShowKeyboardShortcuts__ShortcutKey-sc-12dalxo-6 kUZwXn"
              >
                Tab
              </span>
            </div>
            <div
              className="ShowKeyboardShortcuts__ShortcutBlock-sc-12dalxo-5 fkJiLz"
            >
              Move forward through book page elements, highlights and notes
            </div>
          </div>
          <div
            className="ShowKeyboardShortcuts__ShortcutRow-sc-12dalxo-4 iaCHkf"
          >
            <div
              className="ShowKeyboardShortcuts__ShortcutBlock-sc-12dalxo-5 fkJiLz"
            >
              <span
                className="ShowKeyboardShortcuts__ShortcutKey-sc-12dalxo-6 kUZwXn"
              >
                Shift
              </span>
               + 
              <span
                className="ShowKeyboardShortcuts__ShortcutKey-sc-12dalxo-6 kUZwXn"
              >
                Tab
              </span>
            </div>
            <div
              className="ShowKeyboardShortcuts__ShortcutBlock-sc-12dalxo-5 fkJiLz"
            >
              Move backward through book page elements, highlights and notes
            </div>
          </div>
          <div
            className="ShowKeyboardShortcuts__ShortcutRow-sc-12dalxo-4 iaCHkf"
          >
            <div
              className="ShowKeyboardShortcuts__ShortcutBlock-sc-12dalxo-5 fkJiLz"
            >
              <span
                className="ShowKeyboardShortcuts__ShortcutKey-sc-12dalxo-6 kUZwXn"
              >
                h
              </span>
            </div>
            <div
              className="ShowKeyboardShortcuts__ShortcutBlock-sc-12dalxo-5 fkJiLz"
            >
              Move focus into and out of a note
            </div>
          </div>
          <div
            className="ShowKeyboardShortcuts__ShortcutRow-sc-12dalxo-4 iaCHkf"
          >
            <div
              className="ShowKeyboardShortcuts__ShortcutBlock-sc-12dalxo-5 fkJiLz"
            >
              <span
                className="ShowKeyboardShortcuts__ShortcutKey-sc-12dalxo-6 kUZwXn"
              >
                Tab
              </span>
            </div>
            <div
              className="ShowKeyboardShortcuts__ShortcutBlock-sc-12dalxo-5 fkJiLz"
            >
              Move through note editing options
            </div>
          </div>
          <div
            className="ShowKeyboardShortcuts__ShortcutRow-sc-12dalxo-4 iaCHkf"
          >
            <div
              className="ShowKeyboardShortcuts__ShortcutBlock-sc-12dalxo-5 fkJiLz"
            >
              <span
                className="ShowKeyboardShortcuts__ShortcutKey-sc-12dalxo-6 kUZwXn"
              >
                Space
              </span>
            </div>
            <div
              className="ShowKeyboardShortcuts__ShortcutBlock-sc-12dalxo-5 fkJiLz"
            >
              Select a different highlight color
            </div>
          </div>
          <div
            className="ShowKeyboardShortcuts__ShortcutRow-sc-12dalxo-4 iaCHkf"
          >
            <div
              className="ShowKeyboardShortcuts__ShortcutBlock-sc-12dalxo-5 fkJiLz"
            >
              <span
                className="ShowKeyboardShortcuts__ShortcutKey-sc-12dalxo-6 kUZwXn"
              >
                Enter
              </span>
            </div>
            <div
              className="ShowKeyboardShortcuts__ShortcutBlock-sc-12dalxo-5 fkJiLz"
            >
              Save or Cancel note edits
            </div>
          </div>
        </div>
      </div>
      <div
        className="ShowKeyboardShortcuts__ShortcutsHeadingDiv-sc-12dalxo-1 pcTDQ"
      >
        Creating Highlights and Notes with a Keyboard
      </div>
      <div
        className="ShowKeyboardShortcuts__CaretMessageDiv-sc-12dalxo-7 dCQGYV"
        dangerouslySetInnerHTML={
          Object {
            "__html": "This functionality requires the use of a <strong>Caret Browsing extension</strong>, which enables you to browse and select the text of web pages using arrow keys.",
          }
        }
      />
      <div
        className="ShowKeyboardShortcuts__ShortcutsCard-sc-12dalxo-2 goyzXO"
      >
        <div
          className="ShowKeyboardShortcuts__ShortcutsTable-sc-12dalxo-3 grHFdD"
        >
          <div
            className="ShowKeyboardShortcuts__ShortcutRow-sc-12dalxo-4 iaCHkf"
          >
            <div
              className="ShowKeyboardShortcuts__ShortcutBlock-sc-12dalxo-5 fkJiLz"
            >
              <span
                className="ShowKeyboardShortcuts__ShortcutKey-sc-12dalxo-6 kUZwXn"
              >
                Arrows
              </span>
            </div>
            <div
              className="ShowKeyboardShortcuts__ShortcutBlock-sc-12dalxo-5 fkJiLz"
            >
              Move focus through each line of text
            </div>
          </div>
          <div
            className="ShowKeyboardShortcuts__ShortcutRow-sc-12dalxo-4 iaCHkf"
          >
            <div
              className="ShowKeyboardShortcuts__ShortcutBlock-sc-12dalxo-5 fkJiLz"
            >
              <span
                className="ShowKeyboardShortcuts__ShortcutKey-sc-12dalxo-6 kUZwXn"
              >
                Shift
              </span>
               + 
              <span
                className="ShowKeyboardShortcuts__ShortcutKey-sc-12dalxo-6 kUZwXn"
              >
                Arrows
              </span>
            </div>
            <div
              className="ShowKeyboardShortcuts__ShortcutBlock-sc-12dalxo-5 fkJiLz"
            >
              Select text
            </div>
          </div>
          <div
            className="ShowKeyboardShortcuts__ShortcutRow-sc-12dalxo-4 iaCHkf"
          >
            <div
              className="ShowKeyboardShortcuts__ShortcutBlock-sc-12dalxo-5 fkJiLz"
            >
              <span
                className="ShowKeyboardShortcuts__ShortcutKey-sc-12dalxo-6 kUZwXn"
              >
                h
              </span>
            </div>
            <div
              className="ShowKeyboardShortcuts__ShortcutBlock-sc-12dalxo-5 fkJiLz"
            >
              Create a highlight or note after selecting text
            </div>
          </div>
        </div>
      </div>
    </div>
  </div>
</div>
`;
