// Jest Snapshot v1, https://goo.gl/fbAQLP

exports[`ErrorBoundary captures unhandled rejected promises 1`] = `
Array [
  .c2 {
  color: #424242;
  font-size: 3.6rem;
  line-height: 4rem;
  -webkit-letter-spacing: -0.02rem;
  -moz-letter-spacing: -0.02rem;
  -ms-letter-spacing: -0.02rem;
  letter-spacing: -0.02rem;
  padding: 2rem 0 1rem 0;
  margin: 0;
}

.c0 {
  -webkit-flex: 1;
  -ms-flex: 1;
  flex: 1;
  margin: 3rem auto;
  padding: 0 1.6rem;
}

.c1 {
  text-align: center;
  margin-top: 5rem;
}

.c3 {
  color: #424242;
  font-size: 1.6rem;
  line-height: 2.5rem;
}

.c3 a {
  color: #027EB5;
  cursor: pointer;
  -webkit-text-decoration: underline;
  text-decoration: underline;
}

.c3 a:hover {
  color: #0064A0;
}

<div
    className="c0"
  >
    <div
      className="c1"
    >
      <h2
        className="c2"
      >
        Uh-oh, there's been a glitch
      </h2>
    </div>
    <div
      className="c3"
      dangerouslySetInnerHTML={
        Object {
          "__html": "
  We're not quite sure what went wrong. Restart your browser. If this doesn't solve
  the problem, visit our <a href=\\"https://help.openstax.org/s/\\" target=\\"_blank\\">Support Center</a>.
",
        }
      }
    />
  </div>,
  .c16 {
  display: inline-block;
  vertical-align: -.125em;
  overflow: hidden;
}

.c17 {
  height: 1em;
}

.c19 {
  height: 1em;
}

.c18 {
  height: 1em;
}

.c0 {
  color: #424242;
  font-size: 1.6rem;
  line-height: 2.5rem;
  z-index: 0;
  opacity: 1;
  -webkit-transition: opacity 0.2s;
  transition: opacity 0.2s;
}

.c1 {
  color: #d5d5d5;
  display: grid;
}

.c2 {
  background-color: #424242;
}

.c3 {
  max-width: 131rem;
  -webkit-align-items: center;
  -webkit-box-align: center;
  -ms-flex-align: center;
  align-items: center;
  display: -webkit-box;
  display: -webkit-flex;
  display: -ms-flexbox;
  display: flex;
  -webkit-flex-flow: column nowrap;
  -ms-flex-flow: column nowrap;
  flex-flow: column nowrap;
  margin: 0 auto;
  padding-left: 1.5rem;
  padding-right: 1.5rem;
  width: 100%;
  display: grid;
  grid-row-gap: 2rem;
  overflow: visible;
}

.c4 {
  grid-area: headline;
  margin: 0;
}

.c5 {
  grid-area: mission;
}

.c5 a {
  color: #d5d5d5;
  font-weight: bold;
  text-underline-position: under;
}

.c5 a:hover,
.c5 a:active,
.c5 a:focus {
  color: inherit;
}

.c8 {
  color: #d5d5d5;
  -webkit-text-decoration: none;
  text-decoration: none;
}

.c8:hover,
.c8:active,
.c8:focus {
  color: inherit;
}

.c8:hover {
  -webkit-text-decoration: underline;
  text-decoration: underline;
}

.c20 {
  color: #d5d5d5;
  display: inline-grid;
  grid-auto-flow: column;
  grid-column-gap: 0.7rem;
  overflow: hidden;
}

.c20:hover,
.c20:active,
.c20:focus {
  color: inherit;
}

.c6 {
  display: grid;
  grid-gap: 0.5rem;
  overflow: visible;
  grid-area: col1;
}

.c9 {
  display: grid;
  grid-gap: 0.5rem;
  overflow: visible;
  grid-area: col2;
}

.c10 {
  display: grid;
  grid-gap: 0.5rem;
  overflow: visible;
  grid-area: col3;
}

.c7 {
  font-size: 1.8rem;
  font-weight: bold;
  -webkit-letter-spacing: -0.072rem;
  -moz-letter-spacing: -0.072rem;
  -ms-letter-spacing: -0.072rem;
  letter-spacing: -0.072rem;
  line-height: normal;
  margin: 0;
}

.c11 {
  font-size: 1.2rem;
  font-weight: normal;
  -webkit-letter-spacing: normal;
  -moz-letter-spacing: normal;
  -ms-letter-spacing: normal;
  letter-spacing: normal;
  line-height: normal;
  background-color: #3b3b3b;
}

.c12 {
  max-width: 131rem;
  -webkit-align-items: center;
  -webkit-box-align: center;
  -ms-flex-align: center;
  align-items: center;
  display: -webkit-box;
  display: -webkit-flex;
  display: -ms-flexbox;
  display: flex;
  -webkit-flex-flow: column nowrap;
  -ms-flex-flow: column nowrap;
  flex-flow: column nowrap;
  margin: 0 auto;
  padding-left: 1.5rem;
  padding-right: 1.5rem;
  width: 100%;
  display: grid;
  grid-gap: 1.5rem 4rem;
  overflow: visible;
}

.c13 {
  display: grid;
  grid-gap: 1rem;
  overflow: visible;
}

.c13 [data-html="copyright"] {
  overflow: visible;
}

.c13 a {
  color: #d5d5d5;
  overflow: visible;
}

.c13 a:hover,
.c13 a:active,
.c13 a:focus {
  color: inherit;
}

.c13 sup {
  font-size: 66%;
  margin-left: 0.1rem;
  position: relative;
  top: -0.25em;
  vertical-align: top;
}

.c14 {
  -webkit-align-items: center;
  -webkit-box-align: center;
  -ms-flex-align: center;
  align-items: center;
  display: grid;
  grid-auto-flow: column;
  grid-gap: 1rem;
  -webkit-box-pack: end;
  -webkit-justify-content: end;
  -ms-flex-pack: end;
  justify-content: end;
  overflow: visible;
}

.c15 {
  color: #d5d5d5;
  font-size: 1.6rem;
  line-height: 2.5rem;
  background-color: #878787;
  color: #fff;
  -webkit-align-content: center;
  -ms-flex-line-pack: center;
  align-content: center;
  border-radius: 50%;
  display: grid;
  height: 3rem;
  -webkit-box-pack: center;
  -webkit-justify-content: center;
  -ms-flex-pack: center;
  justify-content: center;
  overflow: hidden;
  width: 3rem;
}

.c15:hover,
.c15:active,
.c15:focus {
  color: inherit;
}

.c21 {
  height: 4rem;
  -webkit-transform: translateY(0.2rem);
  -ms-transform: translateY(0.2rem);
  transform: translateY(0.2rem);
}

@media print {
  .c0 {
    display: none;
  }
}

@media (min-width:60.1em) {
  .c2 {
    padding: 7rem 0;
  }
}

@media (max-width:37.5em) {
  .c2 {
    padding: 2rem 0;
  }
}

@media (max-width:60.1em) and (min-width:37.6em) {
  .c2 {
    padding: 4rem 0;
  }
}

@media (min-width:37.6em) {
  .c3 {
    -webkit-align-items: start;
    -webkit-box-align: start;
    -ms-flex-align: start;
    align-items: start;
    grid-column-gap: 4rem;
    grid-template: "headline col1 col2 col3" "mission col1 col2 col3" / minmax(auto,50rem) auto auto auto;
  }
}

@media (max-width:37.5em) {
  .c3 {
    grid-template: "headline" "mission" "col1" "col2" "col3";
  }
}

@media (min-width:60.1em) {
  .c3 {
    grid-column-gap: 8rem;
  }
}

@media (min-width:37.6em) {
  .c4 {
    font-size: 2.4rem;
    font-weight: bold;
    -webkit-letter-spacing: -0.096rem;
    -moz-letter-spacing: -0.096rem;
    -ms-letter-spacing: -0.096rem;
    letter-spacing: -0.096rem;
    line-height: normal;
  }
}

@media (max-width:37.5em) {
  .c4 {
    font-size: 2rem;
    font-weight: bold;
    -webkit-letter-spacing: -0.08rem;
    -moz-letter-spacing: -0.08rem;
    -ms-letter-spacing: -0.08rem;
    letter-spacing: -0.08rem;
    line-height: normal;
  }
}

@media (min-width:37.6em) {
  .c5 {
    font-size: 1.8rem;
    font-weight: normal;
    -webkit-letter-spacing: normal;
    -moz-letter-spacing: normal;
    -ms-letter-spacing: normal;
    letter-spacing: normal;
    line-height: 3rem;
  }
}

@media (max-width:37.5em) {
  .c8 {
    line-height: 4.5rem;
  }
}

@media (max-width:37.5em) {
  .c7 {
    line-height: 4.5rem;
  }
}

@media (min-width:37.6em) {
  .c11 {
    padding: 2.5rem 0;
  }
}

@media (max-width:37.5em) {
  .c11 {
    padding: 1.5rem;
  }
}

@media (min-width:37.6em) {
  .c12 {
    grid-auto-flow: column;
  }
}

@media (max-width:37.5em) {
  .c12 {
    padding: 0;
  }
}

<footer
    className="c0"
    data-analytics-region="footer"
  >
    <div
      className="c1"
    >
      <div
        className="c2"
      >
        <div
          className="c3"
        >
          <h2
            className="c4"
          >
            Our mission is to improve educational access and learning for everyone.
          </h2>
          <div
            className="c5"
            dangerouslySetInnerHTML={
              Object {
                "__html": "
  OpenStax is part of Rice University, which is a 501(c)(3) nonprofit.
  <a href=\\"/give\\" target=\\"_blank\\">Give today</a> and help us reach more students.
",
              }
            }
          />
          <div
            className="c6"
          >
            <h3
              className="c7"
            >
              Help
            </h3>
            <a
              className="c8"
              href="/contact"
              rel=""
              target="_self"
            >
              Contact Us
            </a>
            <a
              className="c8"
              href="https://help.openstax.org/s/"
              rel="noopener"
              target="_blank"
            >
              Support Center
            </a>
            <a
              className="c8"
              href="/faq"
              rel=""
              target="_self"
            >
              FAQ
            </a>
          </div>
          <div
            className="c9"
          >
            <h3
              className="c7"
            >
              OpenStax
            </h3>
            <a
              className="c8"
              href="/press"
              rel=""
              target="_self"
            >
              Press
            </a>
            <a
              className="c8"
              href="http://www2.openstax.org/l/218812/2016-10-04/lvk"
              rel="noopener"
              target="_blank"
            >
              Newsletter
            </a>
            <a
              className="c8"
              href="/careers"
              rel=""
              target="_self"
            >
              Careers
            </a>
          </div>
          <div
            className="c10"
          >
            <h3
              className="c7"
            >
              Policies
            </h3>
            <a
              className="c8"
              href="/accessibility-statement"
              rel=""
              target="_self"
            >
              Accessibility Statement
            </a>
            <a
              className="c8"
              href="/tos"
              rel=""
              target="_self"
            >
              Terms of Use
            </a>
            <a
              className="c8"
              href="/license"
              rel=""
              target="_self"
            >
              Licensing
            </a>
            <a
              className="c8"
              href="/privacy-policy"
              rel=""
              target="_self"
            >
              Privacy Policy
            </a>
          </div>
        </div>
      </div>
      <div
        className="c11"
      >
        <div
          className="c12"
        >
          <div
            className="c13"
            dangerouslySetInnerHTML={
              Object {
                "__html": "
  <div data-html=\\"copyright\\">© 1999-2021, Rice University. Except where otherwise noted, textbooks on this site
    are licensed under a
    <a href=\\"https://creativecommons.org/licenses/by/4.0/\\" target=\\"_blank\\"
    rel=\\"noreferrer\\">Creative Commons Attribution 4.0 International License</a>.
  </div>
  <div data-html=\\"apStatement\\">
    Advanced Placement<sup>®</sup> and AP<sup>®</sup> are trademarks registered and/or owned by the College Board,
    which is not affiliated with, and does not endorse, this site.
  </div>
",
              }
            }
          />
          <ul
            className="c14"
          >
            <li>
              <a
                aria-label="facebook"
                className="c15"
                href="https://www.facebook.com/openstax"
                rel="noopener"
                target="_blank"
              >
                <svg
                  aria-hidden="true"
                  className="c16 c17"
                  fill="currentColor"
                  focusable="false"
                  viewBox="0 0 320 512"
                  xmlns="http://www.w3.org/2000/svg"
                >
                  <path
                    d="M279.14 288l14.22-92.66h-88.91v-60.13c0-25.35 12.42-50.06 52.24-50.06h40.42V6.26S260.43 0 225.36 0c-73.22 0-121.08 44.38-121.08 124.72v70.62H22.89V288h81.39v224h100.17V288z"
                    fill="currentColor"
                  />
                </svg>
              </a>
            </li>
            <li>
              <a
                aria-label="twitter"
                className="c15"
                href="https://twitter.com/openstax"
                rel="noopener"
                target="_blank"
              >
                <svg
                  aria-hidden="true"
                  className="svg-inline--fa fa-x-twitter"
                  data-icon="x-twitter"
                  data-prefix="fab"
                  focusable="false"
                  height="1em"
                  role="img"
                  viewBox="0 0 512 512"
                  xmlns="http://www.w3.org/2000/svg"
                >
                  <path
                    d="M389.2 48h70.6L305.6 224.2 487 464H345L233.7 318.6 106.5 464H35.8L200.7 275.5 26.8 48H172.4L272.9 180.9 389.2 48zM364.4 421.8h39.1L151.1 88h-42L364.4 421.8z"
                    fill="currentColor"
                  />
                </svg>
              </a>
            </li>
            <li>
              <a
                aria-label="linkedin"
                className="c15"
                href="https://www.linkedin.com/company/openstax"
                rel="noopener"
                target="_blank"
              >
                <svg
                  aria-hidden="true"
                  className="c16 c18"
                  fill="currentColor"
                  focusable="false"
                  viewBox="0 0 448 512"
                  xmlns="http://www.w3.org/2000/svg"
                >
                  <path
                    d="M100.28 448H7.4V148.9h92.88zM53.79 108.1C24.09 108.1 0 83.5 0 53.8a53.79 53.79 0 01107.58 0c0 29.7-24.1 54.3-53.79 54.3zM447.9 448h-92.68V302.4c0-34.7-.7-79.2-48.29-79.2-48.29 0-55.69 37.7-55.69 76.7V448h-92.78V148.9h89.08v40.8h1.3c12.4-23.5 42.69-48.3 87.88-48.3 94 0 111.28 61.9 111.28 142.3V448z"
                    fill="currentColor"
                  />
                </svg>
              </a>
            </li>
            <li>
              <a
                aria-label="instagram"
                className="c15"
                href="https://www.instagram.com/openstax/"
                rel="noopener"
                target="_blank"
              >
                <svg
                  aria-hidden="true"
                  className="c16 c19"
                  fill="currentColor"
                  focusable="false"
                  viewBox="0 0 448 512"
                  xmlns="http://www.w3.org/2000/svg"
                >
                  <path
                    d="M224.1 141c-63.6 0-114.9 51.3-114.9 114.9s51.3 114.9 114.9 114.9S339 319.5 339 255.9 287.7 141 224.1 141zm0 189.6c-41.1 0-74.7-33.5-74.7-74.7s33.5-74.7 74.7-74.7 74.7 33.5 74.7 74.7-33.6 74.7-74.7 74.7zm146.4-194.3c0 14.9-12 26.8-26.8 26.8-14.9 0-26.8-12-26.8-26.8s12-26.8 26.8-26.8 26.8 12 26.8 26.8zm76.1 27.2c-1.7-35.9-9.9-67.7-36.2-93.9-26.2-26.2-58-34.4-93.9-36.2-37-2.1-147.9-2.1-184.9 0-35.8 1.7-67.6 9.9-93.9 36.1s-34.4 58-36.2 93.9c-2.1 37-2.1 147.9 0 184.9 1.7 35.9 9.9 67.7 36.2 93.9s58 34.4 93.9 36.2c37 2.1 147.9 2.1 184.9 0 35.9-1.7 67.7-9.9 93.9-36.2 26.2-26.2 34.4-58 36.2-93.9 2.1-37 2.1-147.8 0-184.8zM398.8 388c-7.8 19.6-22.9 34.7-42.6 42.6-29.5 11.7-99.5 9-132.1 9s-102.7 2.6-132.1-9c-19.6-7.8-34.7-22.9-42.6-42.6-11.7-29.5-9-99.5-9-132.1s-2.6-102.7 9-132.1c7.8-19.6 22.9-34.7 42.6-42.6 29.5-11.7 99.5-9 132.1-9s102.7-2.6 132.1 9c19.6 7.8 34.7 22.9 42.6 42.6 11.7 29.5 9 99.5 9 132.1s2.7 102.7-9 132.1z"
                    fill="currentColor"
                  />
                </svg>
              </a>
            </li>
            <li>
              <a
                className="c20"
                href="http://www.rice.edu"
                rel="noopener"
                target="_blank"
              >
                <img
                  alt="Rice University logo"
                  className="c21"
                  src="rice-white-text.png"
                />
              </a>
            </li>
          </ul>
        </div>
      </div>
    </div>
  </footer>,
]
`;

exports[`ErrorBoundary matches snapshot 1`] = `
Array [
  .c2 {
  color: #424242;
  font-size: 3.6rem;
  line-height: 4rem;
  -webkit-letter-spacing: -0.02rem;
  -moz-letter-spacing: -0.02rem;
  -ms-letter-spacing: -0.02rem;
  letter-spacing: -0.02rem;
  padding: 2rem 0 1rem 0;
  margin: 0;
}

.c0 {
  -webkit-flex: 1;
  -ms-flex: 1;
  flex: 1;
  margin: 3rem auto;
  padding: 0 1.6rem;
}

.c1 {
  text-align: center;
  margin-top: 5rem;
}

.c3 {
  color: #424242;
  font-size: 1.6rem;
  line-height: 2.5rem;
}

.c3 a {
  color: #027EB5;
  cursor: pointer;
  -webkit-text-decoration: underline;
  text-decoration: underline;
}

.c3 a:hover {
  color: #0064A0;
}

<div
    className="c0"
  >
    <div
      className="c1"
    >
      <h2
        className="c2"
      >
        Uh-oh, there's been a glitch
      </h2>
    </div>
    <div
      className="c3"
      dangerouslySetInnerHTML={
        Object {
          "__html": "
  We're not quite sure what went wrong. Restart your browser. If this doesn't solve
  the problem, visit our <a href=\\"https://help.openstax.org/s/\\" target=\\"_blank\\">Support Center</a>.
",
        }
      }
    />
  </div>,
  .c16 {
  display: inline-block;
  vertical-align: -.125em;
  overflow: hidden;
}

.c17 {
  height: 1em;
}

.c19 {
  height: 1em;
}

.c18 {
  height: 1em;
}

.c0 {
  color: #424242;
  font-size: 1.6rem;
  line-height: 2.5rem;
  z-index: 0;
  opacity: 1;
  -webkit-transition: opacity 0.2s;
  transition: opacity 0.2s;
}

.c1 {
  color: #d5d5d5;
  display: grid;
}

.c2 {
  background-color: #424242;
}

.c3 {
  max-width: 131rem;
  -webkit-align-items: center;
  -webkit-box-align: center;
  -ms-flex-align: center;
  align-items: center;
  display: -webkit-box;
  display: -webkit-flex;
  display: -ms-flexbox;
  display: flex;
  -webkit-flex-flow: column nowrap;
  -ms-flex-flow: column nowrap;
  flex-flow: column nowrap;
  margin: 0 auto;
  padding-left: 1.5rem;
  padding-right: 1.5rem;
  width: 100%;
  display: grid;
  grid-row-gap: 2rem;
  overflow: visible;
}

.c4 {
  grid-area: headline;
  margin: 0;
}

.c5 {
  grid-area: mission;
}

.c5 a {
  color: #d5d5d5;
  font-weight: bold;
  text-underline-position: under;
}

.c5 a:hover,
.c5 a:active,
.c5 a:focus {
  color: inherit;
}

.c8 {
  color: #d5d5d5;
  -webkit-text-decoration: none;
  text-decoration: none;
}

.c8:hover,
.c8:active,
.c8:focus {
  color: inherit;
}

.c8:hover {
  -webkit-text-decoration: underline;
  text-decoration: underline;
}

.c20 {
  color: #d5d5d5;
  display: inline-grid;
  grid-auto-flow: column;
  grid-column-gap: 0.7rem;
  overflow: hidden;
}

.c20:hover,
.c20:active,
.c20:focus {
  color: inherit;
}

.c6 {
  display: grid;
  grid-gap: 0.5rem;
  overflow: visible;
  grid-area: col1;
}

.c9 {
  display: grid;
  grid-gap: 0.5rem;
  overflow: visible;
  grid-area: col2;
}

.c10 {
  display: grid;
  grid-gap: 0.5rem;
  overflow: visible;
  grid-area: col3;
}

.c7 {
  font-size: 1.8rem;
  font-weight: bold;
  -webkit-letter-spacing: -0.072rem;
  -moz-letter-spacing: -0.072rem;
  -ms-letter-spacing: -0.072rem;
  letter-spacing: -0.072rem;
  line-height: normal;
  margin: 0;
}

.c11 {
  font-size: 1.2rem;
  font-weight: normal;
  -webkit-letter-spacing: normal;
  -moz-letter-spacing: normal;
  -ms-letter-spacing: normal;
  letter-spacing: normal;
  line-height: normal;
  background-color: #3b3b3b;
}

.c12 {
  max-width: 131rem;
  -webkit-align-items: center;
  -webkit-box-align: center;
  -ms-flex-align: center;
  align-items: center;
  display: -webkit-box;
  display: -webkit-flex;
  display: -ms-flexbox;
  display: flex;
  -webkit-flex-flow: column nowrap;
  -ms-flex-flow: column nowrap;
  flex-flow: column nowrap;
  margin: 0 auto;
  padding-left: 1.5rem;
  padding-right: 1.5rem;
  width: 100%;
  display: grid;
  grid-gap: 1.5rem 4rem;
  overflow: visible;
}

.c13 {
  display: grid;
  grid-gap: 1rem;
  overflow: visible;
}

.c13 [data-html="copyright"] {
  overflow: visible;
}

.c13 a {
  color: #d5d5d5;
  overflow: visible;
}

.c13 a:hover,
.c13 a:active,
.c13 a:focus {
  color: inherit;
}

.c13 sup {
  font-size: 66%;
  margin-left: 0.1rem;
  position: relative;
  top: -0.25em;
  vertical-align: top;
}

.c14 {
  -webkit-align-items: center;
  -webkit-box-align: center;
  -ms-flex-align: center;
  align-items: center;
  display: grid;
  grid-auto-flow: column;
  grid-gap: 1rem;
  -webkit-box-pack: end;
  -webkit-justify-content: end;
  -ms-flex-pack: end;
  justify-content: end;
  overflow: visible;
}

.c15 {
  color: #d5d5d5;
  font-size: 1.6rem;
  line-height: 2.5rem;
  background-color: #878787;
  color: #fff;
  -webkit-align-content: center;
  -ms-flex-line-pack: center;
  align-content: center;
  border-radius: 50%;
  display: grid;
  height: 3rem;
  -webkit-box-pack: center;
  -webkit-justify-content: center;
  -ms-flex-pack: center;
  justify-content: center;
  overflow: hidden;
  width: 3rem;
}

.c15:hover,
.c15:active,
.c15:focus {
  color: inherit;
}

.c21 {
  height: 4rem;
  -webkit-transform: translateY(0.2rem);
  -ms-transform: translateY(0.2rem);
  transform: translateY(0.2rem);
}

@media print {
  .c0 {
    display: none;
  }
}

@media (min-width:60.1em) {
  .c2 {
    padding: 7rem 0;
  }
}

@media (max-width:37.5em) {
  .c2 {
    padding: 2rem 0;
  }
}

@media (max-width:60.1em) and (min-width:37.6em) {
  .c2 {
    padding: 4rem 0;
  }
}

@media (min-width:37.6em) {
  .c3 {
    -webkit-align-items: start;
    -webkit-box-align: start;
    -ms-flex-align: start;
    align-items: start;
    grid-column-gap: 4rem;
    grid-template: "headline col1 col2 col3" "mission col1 col2 col3" / minmax(auto,50rem) auto auto auto;
  }
}

@media (max-width:37.5em) {
  .c3 {
    grid-template: "headline" "mission" "col1" "col2" "col3";
  }
}

@media (min-width:60.1em) {
  .c3 {
    grid-column-gap: 8rem;
  }
}

@media (min-width:37.6em) {
  .c4 {
    font-size: 2.4rem;
    font-weight: bold;
    -webkit-letter-spacing: -0.096rem;
    -moz-letter-spacing: -0.096rem;
    -ms-letter-spacing: -0.096rem;
    letter-spacing: -0.096rem;
    line-height: normal;
  }
}

@media (max-width:37.5em) {
  .c4 {
    font-size: 2rem;
    font-weight: bold;
    -webkit-letter-spacing: -0.08rem;
    -moz-letter-spacing: -0.08rem;
    -ms-letter-spacing: -0.08rem;
    letter-spacing: -0.08rem;
    line-height: normal;
  }
}

@media (min-width:37.6em) {
  .c5 {
    font-size: 1.8rem;
    font-weight: normal;
    -webkit-letter-spacing: normal;
    -moz-letter-spacing: normal;
    -ms-letter-spacing: normal;
    letter-spacing: normal;
    line-height: 3rem;
  }
}

@media (max-width:37.5em) {
  .c8 {
    line-height: 4.5rem;
  }
}

@media (max-width:37.5em) {
  .c7 {
    line-height: 4.5rem;
  }
}

@media (min-width:37.6em) {
  .c11 {
    padding: 2.5rem 0;
  }
}

@media (max-width:37.5em) {
  .c11 {
    padding: 1.5rem;
  }
}

@media (min-width:37.6em) {
  .c12 {
    grid-auto-flow: column;
  }
}

@media (max-width:37.5em) {
  .c12 {
    padding: 0;
  }
}

<footer
    className="c0"
    data-analytics-region="footer"
  >
    <div
      className="c1"
    >
      <div
        className="c2"
      >
        <div
          className="c3"
        >
          <h2
            className="c4"
          >
            Our mission is to improve educational access and learning for everyone.
          </h2>
          <div
            className="c5"
            dangerouslySetInnerHTML={
              Object {
                "__html": "
  OpenStax is part of Rice University, which is a 501(c)(3) nonprofit.
  <a href=\\"/give\\" target=\\"_blank\\">Give today</a> and help us reach more students.
",
              }
            }
          />
          <div
            className="c6"
          >
            <h3
              className="c7"
            >
              Help
            </h3>
            <a
              className="c8"
              href="/contact"
              rel=""
              target="_self"
            >
              Contact Us
            </a>
            <a
              className="c8"
              href="https://help.openstax.org/s/"
              rel="noopener"
              target="_blank"
            >
              Support Center
            </a>
            <a
              className="c8"
              href="/faq"
              rel=""
              target="_self"
            >
              FAQ
            </a>
          </div>
          <div
            className="c9"
          >
            <h3
              className="c7"
            >
              OpenStax
            </h3>
            <a
              className="c8"
              href="/press"
              rel=""
              target="_self"
            >
              Press
            </a>
            <a
              className="c8"
              href="http://www2.openstax.org/l/218812/2016-10-04/lvk"
              rel="noopener"
              target="_blank"
            >
              Newsletter
            </a>
            <a
              className="c8"
              href="/careers"
              rel=""
              target="_self"
            >
              Careers
            </a>
          </div>
          <div
            className="c10"
          >
            <h3
              className="c7"
            >
              Policies
            </h3>
            <a
              className="c8"
              href="/accessibility-statement"
              rel=""
              target="_self"
            >
              Accessibility Statement
            </a>
            <a
              className="c8"
              href="/tos"
              rel=""
              target="_self"
            >
              Terms of Use
            </a>
            <a
              className="c8"
              href="/license"
              rel=""
              target="_self"
            >
              Licensing
            </a>
            <a
              className="c8"
              href="/privacy-policy"
              rel=""
              target="_self"
            >
              Privacy Policy
            </a>
          </div>
        </div>
      </div>
      <div
        className="c11"
      >
        <div
          className="c12"
        >
          <div
            className="c13"
            dangerouslySetInnerHTML={
              Object {
                "__html": "
  <div data-html=\\"copyright\\">© 1999-2021, Rice University. Except where otherwise noted, textbooks on this site
    are licensed under a
    <a href=\\"https://creativecommons.org/licenses/by/4.0/\\" target=\\"_blank\\"
    rel=\\"noreferrer\\">Creative Commons Attribution 4.0 International License</a>.
  </div>
  <div data-html=\\"apStatement\\">
    Advanced Placement<sup>®</sup> and AP<sup>®</sup> are trademarks registered and/or owned by the College Board,
    which is not affiliated with, and does not endorse, this site.
  </div>
",
              }
            }
          />
          <ul
            className="c14"
          >
            <li>
              <a
                aria-label="facebook"
                className="c15"
                href="https://www.facebook.com/openstax"
                rel="noopener"
                target="_blank"
              >
                <svg
                  aria-hidden="true"
                  className="c16 c17"
                  fill="currentColor"
                  focusable="false"
                  viewBox="0 0 320 512"
                  xmlns="http://www.w3.org/2000/svg"
                >
                  <path
                    d="M279.14 288l14.22-92.66h-88.91v-60.13c0-25.35 12.42-50.06 52.24-50.06h40.42V6.26S260.43 0 225.36 0c-73.22 0-121.08 44.38-121.08 124.72v70.62H22.89V288h81.39v224h100.17V288z"
                    fill="currentColor"
                  />
                </svg>
              </a>
            </li>
            <li>
              <a
                aria-label="twitter"
                className="c15"
                href="https://twitter.com/openstax"
                rel="noopener"
                target="_blank"
              >
                <svg
                  aria-hidden="true"
                  className="svg-inline--fa fa-x-twitter"
                  data-icon="x-twitter"
                  data-prefix="fab"
                  focusable="false"
                  height="1em"
                  role="img"
                  viewBox="0 0 512 512"
                  xmlns="http://www.w3.org/2000/svg"
                >
                  <path
                    d="M389.2 48h70.6L305.6 224.2 487 464H345L233.7 318.6 106.5 464H35.8L200.7 275.5 26.8 48H172.4L272.9 180.9 389.2 48zM364.4 421.8h39.1L151.1 88h-42L364.4 421.8z"
                    fill="currentColor"
                  />
                </svg>
              </a>
            </li>
            <li>
              <a
                aria-label="linkedin"
                className="c15"
                href="https://www.linkedin.com/company/openstax"
                rel="noopener"
                target="_blank"
              >
                <svg
                  aria-hidden="true"
                  className="c16 c18"
                  fill="currentColor"
                  focusable="false"
                  viewBox="0 0 448 512"
                  xmlns="http://www.w3.org/2000/svg"
                >
                  <path
                    d="M100.28 448H7.4V148.9h92.88zM53.79 108.1C24.09 108.1 0 83.5 0 53.8a53.79 53.79 0 01107.58 0c0 29.7-24.1 54.3-53.79 54.3zM447.9 448h-92.68V302.4c0-34.7-.7-79.2-48.29-79.2-48.29 0-55.69 37.7-55.69 76.7V448h-92.78V148.9h89.08v40.8h1.3c12.4-23.5 42.69-48.3 87.88-48.3 94 0 111.28 61.9 111.28 142.3V448z"
                    fill="currentColor"
                  />
                </svg>
              </a>
            </li>
            <li>
              <a
                aria-label="instagram"
                className="c15"
                href="https://www.instagram.com/openstax/"
                rel="noopener"
                target="_blank"
              >
                <svg
                  aria-hidden="true"
                  className="c16 c19"
                  fill="currentColor"
                  focusable="false"
                  viewBox="0 0 448 512"
                  xmlns="http://www.w3.org/2000/svg"
                >
                  <path
                    d="M224.1 141c-63.6 0-114.9 51.3-114.9 114.9s51.3 114.9 114.9 114.9S339 319.5 339 255.9 287.7 141 224.1 141zm0 189.6c-41.1 0-74.7-33.5-74.7-74.7s33.5-74.7 74.7-74.7 74.7 33.5 74.7 74.7-33.6 74.7-74.7 74.7zm146.4-194.3c0 14.9-12 26.8-26.8 26.8-14.9 0-26.8-12-26.8-26.8s12-26.8 26.8-26.8 26.8 12 26.8 26.8zm76.1 27.2c-1.7-35.9-9.9-67.7-36.2-93.9-26.2-26.2-58-34.4-93.9-36.2-37-2.1-147.9-2.1-184.9 0-35.8 1.7-67.6 9.9-93.9 36.1s-34.4 58-36.2 93.9c-2.1 37-2.1 147.9 0 184.9 1.7 35.9 9.9 67.7 36.2 93.9s58 34.4 93.9 36.2c37 2.1 147.9 2.1 184.9 0 35.9-1.7 67.7-9.9 93.9-36.2 26.2-26.2 34.4-58 36.2-93.9 2.1-37 2.1-147.8 0-184.8zM398.8 388c-7.8 19.6-22.9 34.7-42.6 42.6-29.5 11.7-99.5 9-132.1 9s-102.7 2.6-132.1-9c-19.6-7.8-34.7-22.9-42.6-42.6-11.7-29.5-9-99.5-9-132.1s-2.6-102.7 9-132.1c7.8-19.6 22.9-34.7 42.6-42.6 29.5-11.7 99.5-9 132.1-9s102.7-2.6 132.1 9c19.6 7.8 34.7 22.9 42.6 42.6 11.7 29.5 9 99.5 9 132.1s2.7 102.7-9 132.1z"
                    fill="currentColor"
                  />
                </svg>
              </a>
            </li>
            <li>
              <a
                className="c20"
                href="http://www.rice.edu"
                rel="noopener"
                target="_blank"
              >
                <img
                  alt="Rice University logo"
                  className="c21"
                  src="rice-white-text.png"
                />
              </a>
            </li>
          </ul>
        </div>
      </div>
    </div>
  </footer>,
]
`;
