// Jest Snapshot v1, https://goo.gl/fbAQLP

exports[`AssignedTopBar renders 1`] = `
<div
  className="styled__TopBarWrapper-sc-12dq39v-0 sc-bdVaJa iqimfc"
>
  <h2
    className="sc-bwzfXH jNfaKd"
    dangerouslySetInnerHTML={
      Object {
        "__html": "1.1 Section Title",
      }
    }
  />
  <div
    className="styled__TextResizerDropdown-sc-12dq39v-16 iLqgWD Dropdown-rmc6yw-5 fBPFfC Dropdown__TabHiddenDropDown-rmc6yw-1 kbMrSv"
  >
    <button
      aria-label="Change text size"
      className="Dropdown__DropdownToggle-rmc6yw-0 gpiKKF Filters__Toggle-sc-1fn81fx-1 liapzj Button__PlainButton-ayg7nk-2 chgswm"
      data-analytics-label="Change text size"
      onClick={[Function]}
    >
      <div
        tabIndex={-1}
      >
        <img
          alt=""
          aria-hidden="true"
          src="text-size.svg"
        />
      </div>
    </button>
  </div>
</div>
`;
