// Jest Snapshot v1, https://goo.gl/fbAQLP

exports[`usePositions return null if target was not found 1`] = `"null"`;

exports[`usePositions return positions and updates body overflow to previous value after finishing calculations 1`] = `"{\\"arrowLeft\\":1082,\\"arrowTopOffset\\":244,\\"closeButtonLeft\\":1949,\\"closeButtonTopOffset\\":319,\\"contentWrapperLeft\\":1243,\\"contentWrapperTopOffset\\":375,\\"spotlightHeight\\":25,\\"spotlightLeftOffset\\":951,\\"spotlightTopOffset\\":203,\\"spotlightWidth\\":282}"`;

exports[`usePositions returns different positions depending on isMobile: 
    Object {
      "arrowLeft": 1082,
      "arrowTopOffset": 244,
      "closeButtonLeft": 1949,
      "closeButtonTopOffset": 319,
      "contentWrapperLeft": 1243,
      "contentWrapperTopOffset": 375,
      "spotlightHeight": 25,
      "spotlightLeftOffset": 951,
      "spotlightTopOffset": 203,
      "spotlightWidth": 282,
    }
   1`] = `
Object {
  "arrowLeft": 1082,
  "arrowTopOffset": 244,
  "closeButtonLeft": 1949,
  "closeButtonTopOffset": 319,
  "contentWrapperLeft": 1243,
  "contentWrapperTopOffset": 375,
  "spotlightHeight": 25,
  "spotlightLeftOffset": 951,
  "spotlightTopOffset": 203,
  "spotlightWidth": 282,
}
`;

exports[`usePositions selects hamburger menu as nudge study tools target if isMobile prop is passed 1`] = `"null"`;
