// Jest Snapshot v1, https://goo.gl/fbAQLP

exports[`HighlightDeleteWrapper match snapshot 1`] = `
<div
  className="HighlightDeleteWrapper__StyledHighlightDeleteWrapper-gn1gyy-0 lnQzGa"
  data-analytics-region="MH delete"
  tabIndex={0}
>
  <span>
    Are you sure you want to delete this highlight?
  </span>
  <div
    className="styles__HighlightEditButtons-sc-1t1yajj-0 JvKbW"
  >
    <button
      className="Button-ayg7nk-0 fFJxez"
      data-analytics-label="delete"
      data-testid="delete"
      onClick={[Function]}
    >
      Delete
    </button>
    <button
      className="Button-ayg7nk-0 liRzrl"
      data-analytics-label="cancel"
      data-testid="cancel"
      onClick={[Function]}
    >
      Cancel
    </button>
  </div>
</div>
`;
