// Jest Snapshot v1, https://goo.gl/fbAQLP

exports[`practice questions button does not render if feature flag is not enabled and there are no practice questions 1`] = `null`;

exports[`practice questions button renders if feature flag is enabled and there are practice questions 1`] = `
<a
  aria-label="Practice"
  className="PracticeQuestionsButton__StyledPracticeQuestionsButton-vyu0p6-0 kXLwrv"
  href="books/book-slug-1/pages/test-page-1?modal=PQ"
  isActive={false}
  onClick={[Function]}
>
  <img
    aria-hidden="true"
    className="PracticeQuestionsButton__PracticeQuestionsIcon-vyu0p6-1 cYCeqv"
    src="practiceQuestionsIcon.svg"
  />
  <span
    className="PracticeQuestionsButton__PracticeQuestionsText-vyu0p6-2 dNHGxi"
  >
    Practice
  </span>
</a>
`;
