// Jest Snapshot v1, https://goo.gl/fbAQLP

exports[`IntroScreen for practice questions renders properly for 1 question 1`] = `
<div
  className="IntroScreen__IntroScreenWrapper-h8gm9y-0 eGmEow"
>
  <span
    className="IntroScreen__IntroScreenMessage-h8gm9y-1 dwmRhb"
  >
    2 questions in this section
  </span>
  <button
    className="Button-ayg7nk-0 gaKjoi"
    data-analytics-label="Start now"
    onClick={[Function]}
  >
    Start now
  </button>
</div>
`;

exports[`IntroScreen for practice questions renders properly for 2 questions 1`] = `
<div
  className="IntroScreen__IntroScreenWrapper-h8gm9y-0 eGmEow"
>
  <span
    className="IntroScreen__IntroScreenMessage-h8gm9y-1 dwmRhb"
  >
    2 questions in this section
  </span>
  <button
    className="Button-ayg7nk-0 gaKjoi"
    data-analytics-label="Start now"
    onClick={[Function]}
  >
    Start now
  </button>
</div>
`;
