// Jest Snapshot v1, https://goo.gl/fbAQLP

exports[`PracticeQuestions doesn't render practice questions modal if it is closed 1`] = `null`;

exports[`PracticeQuestions renders practice questions modal if it is open 1`] = `
<div
  className="PopupStyles__PopupWrapper-w0z1hl-0 cYcgUJ"
>
  <div
    className="ScrollLock__Overlay-sc-1fi845b-0 gqkuDv"
    data-testid="scroll-lock-overlay"
    onClick={[Function]}
  />
  <div
    className="PopupStyles__Modal-w0z1hl-3 ZJcjg"
    data-testid="practice-questions-popup-wrapper"
    tabIndex="-1"
  >
    <h3
      className="headings__H3-sc-1xfiggv-2 PopupStyles__Header-w0z1hl-1 kFaPzE"
    >
      Practice Questions
      <button
        aria-label="Click to close Practice Questions modal"
        className="Button__PlainButton-ayg7nk-2 PopupStyles__CloseIconWrapper-w0z1hl-4 jafVNy"
        data-analytics-label="Click to close Practice Questions modal"
        data-testid="close-practice-questions-popup"
        onClick={[Function]}
      >
        <svg
          aria-hidden="true"
          className="PopupStyles__CloseIcon-w0z1hl-5 eWfjhO"
          focusable="true"
          height="15px"
          version="1.1"
          viewBox="0 0 15 15"
          width="15px"
        >
          <g
            fill="none"
            fillRule="evenodd"
            stroke="none"
            strokeWidth="1"
          >
            <g
              fill="currentColor"
              transform="translate(-302.000000, -18.000000)"
            >
              <g
                transform="translate(302.000000, 18.000000)"
              >
                <path
                  d="M7.5,5.41522791 L12.0331524,0.579865364 C12.3077536,0.286957429 12.7165503,0.24816296 12.946282,0.493210121 L13.9861449,1.60239723 C14.2158766,1.84744439 14.1795068,2.28349422 13.9049056,2.57640216 L9.37175324,7.41176471 L13.9049056,12.2471273 C14.1795068,12.5400352 14.2158766,12.976085 13.9861449,13.2211322 L12.946282,14.3303193 C12.7165503,14.5753665 12.3077536,14.536572 12.0331524,14.243664 L7.5,9.4083015 L2.96684761,14.243664 C2.69224642,14.536572 2.2834497,14.5753665 2.05371799,14.3303193 L1.01385508,13.2211322 C0.784123363,12.976085 0.820493178,12.5400352 1.09509437,12.2471273 L5.62824676,7.41176471 L1.09509437,2.57640216 C0.820493178,2.28349422 0.784123363,1.84744439 1.01385508,1.60239723 L2.05371799,0.493210121 C2.2834497,0.24816296 2.69224642,0.286957429 2.96684761,0.579865364 L7.5,5.41522791 Z"
                />
              </g>
            </g>
          </g>
        </svg>
      </button>
    </h3>
    <div
      className="PopupStyles__PopupBody-w0z1hl-2 ShowPracticeQuestions__ShowPracticeQuestionsBody-sc-1hq8omx-0 eoLiAF"
      data-analytics-location="section not loaded"
      data-analytics-region="PQ popup"
      data-testid="show-practice-questions-body"
    >
      <div
        className="Filters-sc-1fn81fx-3 gZlQQL"
      >
        <div
          className="Filters__FiltersTopBar-sc-1fn81fx-2 fWMshY"
        >
          <div
            className="Dropdown-rmc6yw-5 fBPFfC Dropdown__TabHiddenDropDown-rmc6yw-1 kbMrSv"
          >
            <button
              aria-label="Filter PQ by Chapter & Section"
              className="Dropdown__DropdownToggle-rmc6yw-0 gpiKKF Filters__Toggle-sc-1fn81fx-1 liapzj Button__PlainButton-ayg7nk-2 chgswm"
              data-analytics-label="Filter PQ by Chapter & Section"
              onClick={[Function]}
            >
              <div
                tabIndex={-1}
              >
                Chapter & Section
                <svg
                  aria-hidden="true"
                  className="Filters__AngleIcon-sc-1fn81fx-0 jYDriK StyledIconBase-sc-bdy9j4 cCvWXa"
                  direction="down"
                  fill="currentColor"
                  focusable="false"
                  viewBox="0 0 320 512"
                >
                  <path
                    d="M143 352.3L7 216.3c-9.4-9.4-9.4-24.6 0-33.9l22.6-22.6c9.4-9.4 24.6-9.4 33.9 0l96.4 96.4 96.4-96.4c9.4-9.4 24.6-9.4 33.9 0l22.6 22.6c9.4 9.4 9.4 24.6 0 33.9l-136 136c-9.2 9.4-24.4 9.4-33.8 0z"
                    fill="currentColor"
                  />
                </svg>
              </div>
            </button>
          </div>
        </div>
      </div>
      <div
        className="ShowPracticeQuestions__ShowPracitceQuestionsContent-sc-1hq8omx-1 gWrwIb"
      >
        <div
          className="FinalScreen__StyledFinalScreen-sc-131hu2n-0 cKZyXt"
        >
          <span
            className="FinalScreen__StyledText-sc-131hu2n-1 MXQtJ"
          >
            You have reached the end of this set!
          </span>
        </div>
      </div>
    </div>
  </div>
</div>
`;
