// Jest Snapshot v1, https://goo.gl/fbAQLP

exports[`assigned route route renders renders a component 1`] = `
Array [
  <a
    className="HiddenLink-wwwegq-0 bkbyvj"
    href="#main-content"
    onClick={[Function]}
  >
    Skip to Content
  </a>,
  <a
    className="HiddenLink-wwwegq-0 bkbyvj"
    href={
      Array [
        "https://openstax.org/accessibility-statement",
      ]
    }
  >
    Go to accessibility page
  </a>,
  <a
    className="HiddenLink-wwwegq-0 bkbyvj"
    href="#"
    onClick={[Function]}
  >
    Keyboard shortcuts menu
  </a>,
  <div
    className="styled__TopBarWrapper-sc-12dq39v-0 sc-bwzfXH efJRLb"
  >
    <h2
      className="sc-htpNat iadNqp"
      dangerouslySetInnerHTML={
        Object {
          "__html": "<span class=\\"os-text\\">Test Page 1</span>",
        }
      }
    />
    <div
      className="styled__TextResizerDropdown-sc-12dq39v-16 iLqgWD Dropdown-rmc6yw-5 fBPFfC Dropdown__TabHiddenDropDown-rmc6yw-1 kbMrSv"
    >
      <button
        aria-label="Change text size"
        className="Dropdown__DropdownToggle-rmc6yw-0 gpiKKF Filters__Toggle-sc-1fn81fx-1 liapzj Button__PlainButton-ayg7nk-2 chgswm"
        data-analytics-label="Change text size"
        onClick={[Function]}
      >
        <div
          tabIndex={-1}
        >
          <img
            alt=""
            aria-hidden="true"
            src="text-size.svg"
          />
        </div>
      </button>
    </div>
  </div>,
  <div
    className="MinPageHeight-sc-1i28xs0-0 hxgCaZ"
  >
    <div
      className="RedoPadding-sc-1rj2rww-0 gaOlpC"
    >
      <div
        className="page-content PageContent-ny9bj0-0 bXhXti"
        tabIndex={0}
      >
        <div
          className="MainContent__ContentStyles-sc-6yy1if-0 evJIOJ"
          dangerouslySetInnerHTML={
            Object {
              "__html": "<div xmlns:m=\\"http://www.w3.org/1998/Math/MathML\\" xmlns:ns2=\\"urn:oasis:names:tc:opendocument:xmlns:xsl-fo-compatible:1.0\\" class=\\"introduction\\" data-cnxml-to-html-ver=\\"1.3.2\\" data-type=\\"page\\" id=\\"1d1fd537-77fb-4eac-8a8a-60bbaa747b6d\\"><p id=\\"p1\\">Lorem ipsum dolor sit amet, consectetur adipiscing elit. Morbi ex erat, lacinia vitae mattis id, commodo vitae est. Nam quis arcu quis enim congue aliquet. Vivamus dictum rhoncus tortor, malesuada placerat tortor imperdiet ac. Fusce ac viverra nisi. Aliquam ut tempor diam. Cras rhoncus sodales massa vitae porttitor. Integer pharetra lorem a ante sollicitudin condimentum. Aliquam imperdiet erat et tellus mattis finibus. Sed nisl lectus, ultricies et ante ut, porttitor varius sem. Interdum et malesuada fames ac ante ipsum primis in faucibus. Fusce tempus interdum ante, nec placerat felis facilisis quis. Nunc nec malesuada nisi. Cras eu iaculis felis. Sed id maximus enim, sit amet sodales sapien. Proin pulvinar sem risus, nec ultricies odio viverra a. Aliquam feugiat euismod dapibus.</p><section id=\\"section1\\"><h3 data-type=\\"document-title\\" id=\\"100_copy_1\\"><span class=\\"os-number\\">1.1</span><span class=\\"os-divider\\"> </span><span class=\\"os-text\\">A Section, Probably</span></h3><p id=\\"p2\\">Morbi lobortis mattis velit, <math display=\\"inline\\"><semantics><mrow><mrow><mrow><mrow><mrow><mrow><mi>W</mi><mo stretchy=\\"false\\">=</mo><mrow><msub><mtext>KE</mtext><mrow><mn>f</mn></mrow></msub><mo stretchy=\\"false\\">+</mo><msub><mtext>PE</mtext><mrow><mn>g</mn></mrow></msub></mrow></mrow><mo stretchy=\\"false\\">=</mo><mfrac><mrow><mn>1</mn></mrow><mrow><mn>2</mn></mrow></mfrac><msup><msub><mi fontstyle=\\"italic\\">mv</mi><mn>f</mn></msub><mn>2</mn></msup><mo stretchy=\\"false\\">+</mo><mrow><mtext fontstyle=\\"italic\\">mgh</mtext></mrow></mrow></mrow></mrow><mrow></mrow></mrow></mrow><annotation-xml encoding=\\"MathML-Content\\"><semantics><mrow><mrow><mrow><mrow><mrow><mi>W</mi><mo stretchy=\\"false\\">=</mo><mrow><msub><mtext>KE</mtext><mrow><mn>f</mn></mrow></msub><mo stretchy=\\"false\\">+</mo><msub><mtext>PE</mtext><mrow><mn>g</mn></mrow></msub></mrow></mrow><mo stretchy=\\"false\\">=</mo><mfrac><mrow><mn>1</mn></mrow><mrow><mn>2</mn></mrow></mfrac><msup><msub><mi fontstyle=\\"italic\\">mv</mi><mn>f</mn></msub><mn>2</mn></msup><mo stretchy=\\"false\\">+</mo><mrow><mtext fontstyle=\\"italic\\">mgh</mtext></mrow></mrow></mrow></mrow><mrow></mrow></mrow><annotation encoding=\\"StarMath 5.0\\"> size 12{W=\\"KE\\" rSub { size 8{f} } +\\"PE\\" rSub { size 8{g} } = {  { size 8{1} }  over  { size 8{2} } }  ital \\"mv\\" rSub { size 8{f}   rSup { size 8{2} } } + ital \\"mgh\\"} {}</annotation></semantics></annotation-xml></semantics></math> dapibus convallis est mollis sed. Sed ullamcorper est tortor, at ultricies felis tincidunt ut. Mauris interdum nunc et convallis pharetra. Nulla ac erat nulla. Vivamus a ornare leo. Quisque luctus dui eget auctor tristique. Sed vel est eget lorem volutpat mattis non et nisi. Aliquam ultricies ultrices velit, id fringilla ex suscipit in. Lorem ipsum dolor sit amet, consectetur adipiscing elit. Mauris consequat blandit felis, non finibus neque dignissim sit amet. Integer laoreet dapibus quam eget pulvinar. Aenean lobortis, arcu dignissim euismod ornare, eros est tincidunt urna, nec auctor odio quam eget tortor. Praesent sit amet metus a metus varius tincidunt. Pellentesque convallis sit amet erat eget malesuada. Proin pretium est euismod risus facilisis dignissim. Interdum et malesuada fames ac ante ipsum primis in faucibus.</p><p id=\\"p3\\">Integer maximus augue vitae orci vehicula tincidunt. Integer auctor ante odio, nec porta nisi pellentesque id. Donec porttitor velit vel turpis sagittis molestie. Sed eu rhoncus orci. Donec feugiat tristique posuere. Fusce consequat, nisi vitae porttitor ornare, augue velit sodales augue, ac facilisis turpis orci vitae lectus. Mauris mauris urna, dictum a dui et, imperdiet commodo justo. Pellentesque scelerisque dui sed libero porta, sit amet rhoncus ex dictum. Interdum et malesuada fames ac ante ipsum primis in faucibus.</p><div data-type=\\"equation\\" id=\\"fs-id2746082\\"><math display=\\"block\\"><semantics><mrow><mrow><mrow><mrow><mi>P</mi><mo stretchy=\\"false\\">=</mo><mfrac><mi>W</mi><mi>t</mi></mfrac></mrow></mrow><mrow></mrow></mrow></mrow><annotation-xml encoding=\\"MathML-Content\\"><semantics><mrow><mrow><mrow><mi>P</mi><mo stretchy=\\"false\\">=</mo><mfrac><mi>W</mi><mi>t</mi></mfrac></mrow></mrow><mrow></mrow></mrow><annotation encoding=\\"StarMath 5.0\\"> size 12{P= {  {W}  over  {t} } } {}</annotation></semantics></annotation-xml></semantics></math><div class=\\"os-equation-number\\"><span class=\\"os-number\\">1.01</span></div></div><p id=\\"p4\\">Donec congue tortor sed magna ullamcorper mollis. Suspendisse eu tincidunt augue, et pulvinar purus. Fusce gravida quam lorem, sed pharetra libero bibendum et. Etiam facilisis ex vel nisi egestas, non consequat mi malesuada. Donec scelerisque magna sem, ut ornare massa rhoncus sed. In ultricies tellus porttitor enim elementum, ut mollis nisl euismod. Pellentesque eu lobortis neque. Phasellus eget luctus velit, in eleifend lectus. Pellentesque leo odio, cursus eget feugiat eu, finibus in nibh. In nec urna justo. Donec ut nisi eleifend, auctor lacus quis, hendrerit sem. Pellentesque sagittis nunc a molestie finibus. Donec pulvinar nibh elit, nec ornare nibh egestas quis. Curabitur luctus euismod lobortis.</p><div class=\\"os-figure\\" id=\\"figureid\\"><figure data-id=\\"figureid\\"><div data-alt=\\"\\" data-type=\\"media\\" id=\\"Phet_module_25.2\\"> <iframe title=\\"interactive simulation\\" height=\\"371.4\\" width=\\"660\\" data-lazy-src=\\"/specials/version/radio-waves/#sim-radio-waves\\"></iframe></div></figure><div class=\\"os-caption-container\\"><span class=\\"os-title-label\\">Figure </span><span class=\\"os-number\\">1.0</span><span class=\\"os-divider\\"> </span></div></div>  <p id=\\"p5\\">Maecenas vehicula nec quam vitae sodales. Vestibulum bibendum accumsan mauris. Nunc rhoncus libero odio, in ullamcorper massa ornare convallis. Nullam metus tortor, aliquam a ultrices et, rhoncus in risus. Nunc vel turpis erat. Cras semper sagittis odio, eu mattis nulla faucibus quis. Aliquam egestas nunc elit, eget condimentum lectus congue et. Curabitur non gravida lorem. Integer mi nunc, commodo vitae augue vel, bibendum pretium magna. Sed ut nibh venenatis ipsum tempus mollis pretium eget est. Aliquam commodo quam ipsum, at fermentum enim tristique eget. Mauris imperdiet dapibus maximus. Donec tristique varius lacinia. Pellentesque pharetra nunc eu nisi ullamcorper placerat. Suspendisse potenti.</p><p id=\\"p6\\">Integer fringilla blandit dolor ut mattis. Nam commodo ex at blandit sodales. Nullam suscipit, nunc eu mollis sagittis, purus arcu tincidunt ligula, vitae pharetra metus tortor id ex. Donec malesuada aliquet ligula id mollis. Maecenas scelerisque maximus sollicitudin. Quisque sagittis dolor at ligula congue, quis rhoncus mi porttitor. Quisque lobortis ut ante sed convallis. Integer luctus cursus molestie.</p><p id=\\"p7\\">Morbi a purus a elit dapibus fermentum. Sed varius ex quis tortor tincidunt posuere. Mauris luctus risus id aliquet mollis. Phasellus ornare leo a arcu imperdiet dictum. Praesent accumsan venenatis urna, sed egestas sem pharetra a. Sed vulputate sit amet nisl a aliquet. Interdum et malesuada fames ac ante ipsum primis in faucibus. Mauris facilisis augue vitae est maximus pharetra in ac elit. Pellentesque viverra purus non ligula tempor convallis.</p><p id=\\"p8\\">Pellentesque lectus ante, malesuada ut ornare vitae, euismod non urna. Morbi varius eros eget felis accumsan vehicula. In diam ex, finibus rhoncus dapibus non, lacinia in lacus. Nullam pretium mollis laoreet. Ut interdum dui sit amet elementum dignissim. Etiam in nibh vitae ligula fringilla aliquet quis vel ex. Nullam quis elit libero. In aliquet laoreet arcu at posuere. Duis consectetur et dolor non accumsan. Fusce enim est, dignissim sed mauris at, ornare cursus ligula. Nullam tincidunt eu purus vel lacinia. Praesent varius, arcu sed facilisis elementum, orci metus vestibulum nisl, sed sodales urna eros ullamcorper turpis. Donec mollis ac massa ac elementum. Nulla maximus purus sed orci efficitur, ut porta mauris elementum.</p><p id=\\"p9\\">Vestibulum blandit enim quis sapien ultrices pretium. Cras dapibus ornare fringilla. Duis ut laoreet dolor. Proin ullamcorper molestie dui eu vestibulum. Nullam convallis mollis mauris nec accumsan. Proin egestas enim non nisl suscipit, ut feugiat felis pharetra. In faucibus fringilla ipsum vel sollicitudin. Maecenas blandit augue odio, ac mattis justo feugiat sit amet. Etiam nec molestie eros. Sed gravida velit libero, at pretium diam venenatis sit amet. Donec tellus leo, faucibus eu sapien nec, mollis efficitur lorem. Lorem ipsum dolor sit amet, consectetur adipiscing elit.</p></section><dl id=\\"test-pair-page1\\"><dt>test term</dt><dd>test definition with <math>math element</math></dd></dl></div>",
            }
          }
          data-dynamic-style={false}
          id="main-content"
          tabIndex={-1}
          textSize={0}
        />
      </div>
    </div>
  </div>,
  <details
    className="Details-xi326o-3 Attribution__AttributionDetails-sc-11isnv6-4 ecFdAU"
    data-analytics-region="attribution"
    data-testid="attribution-details"
  >
    <summary
      aria-label="Citation/Attribution"
      className="Attribution__AttributionSummary-sc-11isnv6-2 ccMXsL Details__Summary-xi326o-2 goqLfs"
    >
      <svg
        aria-hidden="true"
        className="Attribution__SummaryClosedIcon-sc-11isnv6-0 gSPJtD Details__ExpandIcon-xi326o-0 cVuUUi StyledIconBase-sc-bdy9j4 cCvWXa"
        fill="currentColor"
        focusable="false"
        viewBox="0 0 192 512"
      >
        <path
          d="M0 384.662V127.338c0-17.818 21.543-26.741 34.142-14.142l128.662 128.662c7.81 7.81 7.81 20.474 0 28.284L34.142 398.804C21.543 411.404 0 402.48 0 384.662z"
          fill="currentColor"
        />
      </svg>
      <svg
        aria-hidden="true"
        className="Attribution__SummaryOpenIcon-sc-11isnv6-1 kRXAve Details__CollapseIcon-xi326o-1 jsdrhW StyledIconBase-sc-bdy9j4 cCvWXa"
        fill="currentColor"
        focusable="false"
        viewBox="0 0 320 512"
      >
        <path
          d="M31.3 192h257.3c17.8 0 26.7 21.5 14.1 34.1L174.1 354.8c-7.8 7.8-20.5 7.8-28.3 0L17.2 226.1C4.6 213.5 13.5 192 31.3 192z"
          fill="currentColor"
        />
      </svg>
      <span>
        Citation/Attribution
      </span>
    </summary>
    <div
      className="Attribution__Content-sc-11isnv6-3 SNfN"
      dangerouslySetInnerHTML={
        Object {
          "__html": "
<p>
  Want to cite, share, or modify this book? This book uses the
  <a target=\\"_blank\\" rel=\\"noopener\\" href=\\"http://example.com\\">
    Sweet License 1.0
  </a> and you must attribute OpenStax.
</p>

<strong>Attribution information</strong>
<ul>
  <li>
    If you are redistributing all or part of this book in a print format,
    then you must include on every physical page the following attribution:
    <blockquote>
      Access for free at https://openstax.org/books/book-slug-1/pages/1-introduction-to-science-and-the-realm-of-physics-physical-quantities-and-units
    </blockquote>
  </li>
  <li>
    If you are redistributing all or part of this book in a digital format,
    then you must include on every digital page view the following attribution:
    <blockquote>
      Access for free at <a href=\\"https://openstax.org/books/book-slug-1/pages/1-introduction-to-science-and-the-realm-of-physics-physical-quantities-and-units\\">https://openstax.org/books/book-slug-1/pages/1-introduction-to-science-and-the-realm-of-physics-physical-quantities-and-units</a>
    </blockquote>
  </li>
</ul>

<strong>Citation information</strong>
<ul>
  <li>
    Use the information below to generate a citation. We recommend using a
    citation tool such as
    <a target=\\"_blank\\" rel=\\"noopener\\" href=\\"https://www.lib.ncsu.edu/citationbuilder/#/default/default\\">this one</a>.
    <ul>
      <li>
        Authors: Bam Bammerson
      </li>
      <li>
        Publisher/website: OpenStax
      </li>
      <li>
        Book title: Test Book 1
      </li>
      <li>
        Publication date: Jun 21, 2012
      </li>
      <li>
        Location: Houston, Texas
      </li>
      <li>
        Book URL: <a href=\\"https://openstax.org/books/book-slug-1/pages/1-introduction-to-science-and-the-realm-of-physics-physical-quantities-and-units\\">https://openstax.org/books/book-slug-1/pages/1-introduction-to-science-and-the-realm-of-physics-physical-quantities-and-units</a>
      </li>
      <li>
        Section URL: <a href=\\"https://openstax.org/books/book-slug-1/pages/test-page-1\\">https://openstax.org/books/book-slug-1/pages/test-page-1</a>
      </li>
    </ul>
  </li>
</ul>

<p>
  © Jun 21, 2012 OpenStax. Textbook content produced by OpenStax is licensed under a Sweet License 1.0. <strong>The OpenStax name, OpenStax logo, OpenStax book covers, OpenStax CNX name, and OpenStax CNX logo
  are not subject to the Creative Commons license and may not be reproduced without the prior and express written
  consent of Rice University.</strong>
</p>
",
        }
      }
    />
  </details>,
]
`;

exports[`assigned route route renders renders loading state (for loadable component) 1`] = `null`;

exports[`content route route renders renders a component 1`] = `null`;
