// Jest Snapshot v1, https://goo.gl/fbAQLP

exports[`ChapterFilter matches snapshot 1`] = `
<div
  className="ChapterFilter-tcdlu-7 iaQiZB"
  tabIndex={-1}
>
  <div
    className="AllOrNone-sc-7m1y94-0 divvKQ"
  >
    <button
      className="Button__PlainButton-ayg7nk-2 Button__ButtonLink-ayg7nk-3 flLYdq"
      onClick={[Function]}
    >
      All
    </button>
    <span>
      |
    </span>
    <button
      className="Button__PlainButton-ayg7nk-2 Button__ButtonLink-ayg7nk-3 flLYdq"
      onClick={[Function]}
    >
      None
    </button>
  </div>
  <div
    className="ChapterFilter__Row-tcdlu-0 nqIYu"
  >
    <div
      className="ChapterFilter__Column-tcdlu-1 dKPjiE"
    >
      <label
        className="Checkbox-f0dje9-2 ksczzL"
      >
        <input
          checked={true}
          disabled={false}
          onChange={[Function]}
          type="checkbox"
        />
        <span
          className="Checkbox__CustomCheckbox-f0dje9-1 gLNaiW"
        >
          <svg
            aria-hidden="true"
            className="Checkbox__CheckIcon-f0dje9-0 irsTpS StyledIconBase-sc-bdy9j4 cCvWXa"
            fill="currentColor"
            focusable="false"
            viewBox="0 0 512 512"
          >
            <path
              d="M173.898 439.404l-166.4-166.4c-9.997-9.997-9.997-26.206 0-36.204l36.203-36.204c9.997-9.998 26.207-9.998 36.204 0L192 312.69 432.095 72.596c9.997-9.997 26.207-9.997 36.204 0l36.203 36.204c9.997 9.997 9.997 26.206 0 36.204l-294.4 294.401c-9.998 9.997-26.207 9.997-36.204-.001z"
              fill="currentColor"
            />
          </svg>
        </span>
        <span
          className="ChapterFilter__ChapterTitle-tcdlu-2 fmaoPu"
          dangerouslySetInnerHTML={
            Object {
              "__html": "<span class=\\"os-text\\">Test Page 1</span>",
            }
          }
        />
      </label>
      <label
        className="Checkbox-f0dje9-2 gEkNQh"
      >
        <input
          checked={false}
          disabled={true}
          onChange={[Function]}
          type="checkbox"
        />
        <span
          className="Checkbox__CustomCheckbox-f0dje9-1 gLNaiW"
        >
          <svg
            aria-hidden="true"
            className="Checkbox__CheckIcon-f0dje9-0 irsTpS StyledIconBase-sc-bdy9j4 cCvWXa"
            fill="currentColor"
            focusable="false"
            viewBox="0 0 512 512"
          >
            <path
              d="M173.898 439.404l-166.4-166.4c-9.997-9.997-9.997-26.206 0-36.204l36.203-36.204c9.997-9.998 26.207-9.998 36.204 0L192 312.69 432.095 72.596c9.997-9.997 26.207-9.997 36.204 0l36.203 36.204c9.997 9.997 9.997 26.206 0 36.204l-294.4 294.401c-9.998 9.997-26.207 9.997-36.204-.001z"
              fill="currentColor"
            />
          </svg>
        </span>
        <span
          className="ChapterFilter__ChapterTitle-tcdlu-2 fmaoPu"
          dangerouslySetInnerHTML={
            Object {
              "__html": "<span class=\\"os-number\\">1</span><span class=\\"os-divider\\"> </span><span class=\\"os-text\\">Test Chapter 1</span>",
            }
          }
        />
      </label>
      <label
        className="Checkbox-f0dje9-2 gEkNQh"
      >
        <input
          checked={false}
          disabled={true}
          onChange={[Function]}
          type="checkbox"
        />
        <span
          className="Checkbox__CustomCheckbox-f0dje9-1 gLNaiW"
        >
          <svg
            aria-hidden="true"
            className="Checkbox__CheckIcon-f0dje9-0 irsTpS StyledIconBase-sc-bdy9j4 cCvWXa"
            fill="currentColor"
            focusable="false"
            viewBox="0 0 512 512"
          >
            <path
              d="M173.898 439.404l-166.4-166.4c-9.997-9.997-9.997-26.206 0-36.204l36.203-36.204c9.997-9.998 26.207-9.998 36.204 0L192 312.69 432.095 72.596c9.997-9.997 26.207-9.997 36.204 0l36.203 36.204c9.997 9.997 9.997 26.206 0 36.204l-294.4 294.401c-9.998 9.997-26.207 9.997-36.204-.001z"
              fill="currentColor"
            />
          </svg>
        </span>
        <span
          className="ChapterFilter__ChapterTitle-tcdlu-2 fmaoPu"
          dangerouslySetInnerHTML={
            Object {
              "__html": "<span class=\\"os-number\\">1</span><span class=\\"os-divider\\"> </span><span class=\\"os-text\\">Test Chapter 1.1</span>",
            }
          }
        />
      </label>
      <label
        className="Checkbox-f0dje9-2 gEkNQh"
      >
        <input
          checked={false}
          disabled={true}
          onChange={[Function]}
          type="checkbox"
        />
        <span
          className="Checkbox__CustomCheckbox-f0dje9-1 gLNaiW"
        >
          <svg
            aria-hidden="true"
            className="Checkbox__CheckIcon-f0dje9-0 irsTpS StyledIconBase-sc-bdy9j4 cCvWXa"
            fill="currentColor"
            focusable="false"
            viewBox="0 0 512 512"
          >
            <path
              d="M173.898 439.404l-166.4-166.4c-9.997-9.997-9.997-26.206 0-36.204l36.203-36.204c9.997-9.998 26.207-9.998 36.204 0L192 312.69 432.095 72.596c9.997-9.997 26.207-9.997 36.204 0l36.203 36.204c9.997 9.997 9.997 26.206 0 36.204l-294.4 294.401c-9.998 9.997-26.207 9.997-36.204-.001z"
              fill="currentColor"
            />
          </svg>
        </span>
        <span
          className="ChapterFilter__ChapterTitle-tcdlu-2 fmaoPu"
          dangerouslySetInnerHTML={
            Object {
              "__html": "<span class=\\"os-number\\">2</span><span class=\\"os-divider\\"> </span><span class=\\"os-text\\">Test Chapter 2</span>",
            }
          }
        />
      </label>
      <label
        className="Checkbox-f0dje9-2 gEkNQh"
      >
        <input
          checked={false}
          disabled={true}
          onChange={[Function]}
          type="checkbox"
        />
        <span
          className="Checkbox__CustomCheckbox-f0dje9-1 gLNaiW"
        >
          <svg
            aria-hidden="true"
            className="Checkbox__CheckIcon-f0dje9-0 irsTpS StyledIconBase-sc-bdy9j4 cCvWXa"
            fill="currentColor"
            focusable="false"
            viewBox="0 0 512 512"
          >
            <path
              d="M173.898 439.404l-166.4-166.4c-9.997-9.997-9.997-26.206 0-36.204l36.203-36.204c9.997-9.998 26.207-9.998 36.204 0L192 312.69 432.095 72.596c9.997-9.997 26.207-9.997 36.204 0l36.203 36.204c9.997 9.997 9.997 26.206 0 36.204l-294.4 294.401c-9.998 9.997-26.207 9.997-36.204-.001z"
              fill="currentColor"
            />
          </svg>
        </span>
        <span
          className="ChapterFilter__ChapterTitle-tcdlu-2 fmaoPu"
          dangerouslySetInnerHTML={
            Object {
              "__html": "<span class=\\"os-number\\">3</span><span class=\\"os-divider\\"> </span><span class=\\"os-text\\">Test Chapter 3</span>",
            }
          }
        />
      </label>
      <label
        className="Checkbox-f0dje9-2 gEkNQh"
      >
        <input
          checked={false}
          disabled={true}
          onChange={[Function]}
          type="checkbox"
        />
        <span
          className="Checkbox__CustomCheckbox-f0dje9-1 gLNaiW"
        >
          <svg
            aria-hidden="true"
            className="Checkbox__CheckIcon-f0dje9-0 irsTpS StyledIconBase-sc-bdy9j4 cCvWXa"
            fill="currentColor"
            focusable="false"
            viewBox="0 0 512 512"
          >
            <path
              d="M173.898 439.404l-166.4-166.4c-9.997-9.997-9.997-26.206 0-36.204l36.203-36.204c9.997-9.998 26.207-9.998 36.204 0L192 312.69 432.095 72.596c9.997-9.997 26.207-9.997 36.204 0l36.203 36.204c9.997 9.997 9.997 26.206 0 36.204l-294.4 294.401c-9.998 9.997-26.207 9.997-36.204-.001z"
              fill="currentColor"
            />
          </svg>
        </span>
        <span
          className="ChapterFilter__ChapterTitle-tcdlu-2 fmaoPu"
          dangerouslySetInnerHTML={
            Object {
              "__html": "<span class=\\"os-number\\">4</span><span class=\\"os-divider\\"> </span><span class=\\"os-text\\">Test Chapter 4</span>",
            }
          }
        />
      </label>
      <label
        className="Checkbox-f0dje9-2 gEkNQh"
      >
        <input
          checked={false}
          disabled={true}
          onChange={[Function]}
          type="checkbox"
        />
        <span
          className="Checkbox__CustomCheckbox-f0dje9-1 gLNaiW"
        >
          <svg
            aria-hidden="true"
            className="Checkbox__CheckIcon-f0dje9-0 irsTpS StyledIconBase-sc-bdy9j4 cCvWXa"
            fill="currentColor"
            focusable="false"
            viewBox="0 0 512 512"
          >
            <path
              d="M173.898 439.404l-166.4-166.4c-9.997-9.997-9.997-26.206 0-36.204l36.203-36.204c9.997-9.998 26.207-9.998 36.204 0L192 312.69 432.095 72.596c9.997-9.997 26.207-9.997 36.204 0l36.203 36.204c9.997 9.997 9.997 26.206 0 36.204l-294.4 294.401c-9.998 9.997-26.207 9.997-36.204-.001z"
              fill="currentColor"
            />
          </svg>
        </span>
        <span
          className="ChapterFilter__ChapterTitle-tcdlu-2 fmaoPu"
          dangerouslySetInnerHTML={
            Object {
              "__html": "<span class=\\"os-number\\">10</span><span class=\\"os-divider\\"> </span><span class=\\"os-text\\">Test Chapter 5</span>",
            }
          }
        />
      </label>
      <label
        className="Checkbox-f0dje9-2 gEkNQh"
      >
        <input
          checked={false}
          disabled={true}
          onChange={[Function]}
          type="checkbox"
        />
        <span
          className="Checkbox__CustomCheckbox-f0dje9-1 gLNaiW"
        >
          <svg
            aria-hidden="true"
            className="Checkbox__CheckIcon-f0dje9-0 irsTpS StyledIconBase-sc-bdy9j4 cCvWXa"
            fill="currentColor"
            focusable="false"
            viewBox="0 0 512 512"
          >
            <path
              d="M173.898 439.404l-166.4-166.4c-9.997-9.997-9.997-26.206 0-36.204l36.203-36.204c9.997-9.998 26.207-9.998 36.204 0L192 312.69 432.095 72.596c9.997-9.997 26.207-9.997 36.204 0l36.203 36.204c9.997 9.997 9.997 26.206 0 36.204l-294.4 294.401c-9.998 9.997-26.207 9.997-36.204-.001z"
              fill="currentColor"
            />
          </svg>
        </span>
        <span
          className="ChapterFilter__ChapterTitle-tcdlu-2 fmaoPu"
          dangerouslySetInnerHTML={
            Object {
              "__html": "<span class=\\"os-number\\">12</span><span class=\\"os-divider\\"> </span><span class=\\"os-text\\">Test Chapter 6</span>",
            }
          }
        />
      </label>
      <label
        className="Checkbox-f0dje9-2 gEkNQh"
      >
        <input
          checked={false}
          disabled={true}
          onChange={[Function]}
          type="checkbox"
        />
        <span
          className="Checkbox__CustomCheckbox-f0dje9-1 gLNaiW"
        >
          <svg
            aria-hidden="true"
            className="Checkbox__CheckIcon-f0dje9-0 irsTpS StyledIconBase-sc-bdy9j4 cCvWXa"
            fill="currentColor"
            focusable="false"
            viewBox="0 0 512 512"
          >
            <path
              d="M173.898 439.404l-166.4-166.4c-9.997-9.997-9.997-26.206 0-36.204l36.203-36.204c9.997-9.998 26.207-9.998 36.204 0L192 312.69 432.095 72.596c9.997-9.997 26.207-9.997 36.204 0l36.203 36.204c9.997 9.997 9.997 26.206 0 36.204l-294.4 294.401c-9.998 9.997-26.207 9.997-36.204-.001z"
              fill="currentColor"
            />
          </svg>
        </span>
        <span
          className="ChapterFilter__ChapterTitle-tcdlu-2 fmaoPu"
          dangerouslySetInnerHTML={
            Object {
              "__html": "<span class=\\"os-number\\">A</span><span class=\\"os-divider\\"> | </span><span class=\\"os-text\\">Atomic Masses</span>",
            }
          }
        />
      </label>
      <label
        className="Checkbox-f0dje9-2 gEkNQh"
      >
        <input
          checked={false}
          disabled={true}
          onChange={[Function]}
          type="checkbox"
        />
        <span
          className="Checkbox__CustomCheckbox-f0dje9-1 gLNaiW"
        >
          <svg
            aria-hidden="true"
            className="Checkbox__CheckIcon-f0dje9-0 irsTpS StyledIconBase-sc-bdy9j4 cCvWXa"
            fill="currentColor"
            focusable="false"
            viewBox="0 0 512 512"
          >
            <path
              d="M173.898 439.404l-166.4-166.4c-9.997-9.997-9.997-26.206 0-36.204l36.203-36.204c9.997-9.998 26.207-9.998 36.204 0L192 312.69 432.095 72.596c9.997-9.997 26.207-9.997 36.204 0l36.203 36.204c9.997 9.997 9.997 26.206 0 36.204l-294.4 294.401c-9.998 9.997-26.207 9.997-36.204-.001z"
              fill="currentColor"
            />
          </svg>
        </span>
        <span
          className="ChapterFilter__ChapterTitle-tcdlu-2 fmaoPu"
          dangerouslySetInnerHTML={
            Object {
              "__html": "<span class=\\"os-number\\">D</span><span class=\\"os-divider\\"> | </span><span class=\\"os-text\\">Glossary of Key Symbols and Notation</span>",
            }
          }
        />
      </label>
      <label
        className="Checkbox-f0dje9-2 gEkNQh"
      >
        <input
          checked={false}
          disabled={true}
          onChange={[Function]}
          type="checkbox"
        />
        <span
          className="Checkbox__CustomCheckbox-f0dje9-1 gLNaiW"
        >
          <svg
            aria-hidden="true"
            className="Checkbox__CheckIcon-f0dje9-0 irsTpS StyledIconBase-sc-bdy9j4 cCvWXa"
            fill="currentColor"
            focusable="false"
            viewBox="0 0 512 512"
          >
            <path
              d="M173.898 439.404l-166.4-166.4c-9.997-9.997-9.997-26.206 0-36.204l36.203-36.204c9.997-9.998 26.207-9.998 36.204 0L192 312.69 432.095 72.596c9.997-9.997 26.207-9.997 36.204 0l36.203 36.204c9.997 9.997 9.997 26.206 0 36.204l-294.4 294.401c-9.998 9.997-26.207 9.997-36.204-.001z"
              fill="currentColor"
            />
          </svg>
        </span>
        <span
          className="ChapterFilter__ChapterTitle-tcdlu-2 fmaoPu"
          dangerouslySetInnerHTML={
            Object {
              "__html": "<span class=\\"os-text\\">Test Page for Generic Styles</span>",
            }
          }
        />
      </label>
    </div>
  </div>
</div>
`;
