// Jest Snapshot v1, https://goo.gl/fbAQLP

exports[`HighlightsPrintButton matches snapshot 1`] = `
.c2 {
  display: inline-block;
  vertical-align: -.125em;
  overflow: hidden;
}

.c0 {
  cursor: pointer;
  border: none;
  padding: 0;
  background: none;
  -webkit-align-items: center;
  -webkit-box-align: center;
  -ms-flex-align: center;
  align-items: center;
  color: #5e6062;
  height: 100%;
  min-width: 45px;
  display: -webkit-box;
  display: -webkit-flex;
  display: -ms-flexbox;
  display: flex;
  -webkit-flex-direction: column;
  -ms-flex-direction: column;
  flex-direction: column;
  -webkit-align-items: center;
  -webkit-box-align: center;
  -ms-flex-align: center;
  align-items: center;
  -webkit-box-pack: center;
  -webkit-justify-content: center;
  -ms-flex-pack: center;
  justify-content: center;
  min-height: 77px;
  height: auto;
  padding: 0 10px;
}

.c0:hover,
.c0:focus {
  color: #424242;
}

.c5 {
  font-weight: 600;
  font-size: 1.2rem;
  line-height: 1.5rem;
  font-size: 1.2rem;
  line-height: 1.5rem;
}

.c3 {
  height: 2.5rem;
  width: 2.5rem;
  padding: 0.4rem;
}

.c1 {
  -webkit-flex-direction: row;
  -ms-flex-direction: row;
  flex-direction: row;
  cursor: pointer;
  height: -webkit-max-content;
  height: -moz-max-content;
  height: max-content;
  min-height: unset;
  margin: 0 0 0 auto;
  padding-right: 2.4rem;
}

.c1 .c4 {
  font-size: 1.6rem;
  line-height: 2.5rem;
  margin: 0px 0px 0px 0.5rem;
}

@media screen and (max-width:50em) {
  .c0 {
    -webkit-flex-direction: row;
    -ms-flex-direction: row;
    flex-direction: row;
    -webkit-box-pack: start;
    -webkit-justify-content: start;
    -ms-flex-pack: start;
    justify-content: start;
    min-height: unset;
    margin-top: 25px;
    background: none;
  }
}

@media screen and (max-width:50em) {
  .c5 {
    font-size: 1.6rem;
    line-height: 2.5rem;
    margin-left: 1.2rem;
  }
}

@media screen and (max-width:75em) {
  .c1 {
    padding-right: 1.6rem;
  }
}

@media screen and (max-width:75em) {
  .c1 .c4 {
    display: none;
  }
}

<button
  aria-label="print"
  className="c0 c1"
  data-analytics-label="print"
  data-testid="print"
  disabled={false}
  onClick={[Function]}
>
  <svg
    aria-hidden="true"
    className="c2 c3"
    fill="currentColor"
    focusable="false"
    viewBox="0 0 512 512"
    xmlns="http://www.w3.org/2000/svg"
  >
    <path
      d="M448 192V77.25c0-8.49-3.37-16.62-9.37-22.63L393.37 9.37c-6-6-14.14-9.37-22.63-9.37H96C78.33 0 64 14.33 64 32v160c-35.35 0-64 28.65-64 64v112c0 8.84 7.16 16 16 16h48v96c0 17.67 14.33 32 32 32h320c17.67 0 32-14.33 32-32v-96h48c8.84 0 16-7.16 16-16V256c0-35.35-28.65-64-64-64zm-64 256H128v-96h256v96zm0-224H128V64h192v48c0 8.84 7.16 16 16 16h48v96zm48 72c-13.25 0-24-10.75-24-24 0-13.26 10.75-24 24-24s24 10.74 24 24c0 13.25-10.75 24-24 24z"
      fill="currentColor"
    />
  </svg>
  <span
    className="c4 c5"
  >
    Print
  </span>
</button>
`;
